Warning 3: Cannot find header.dxf (GDAL_DATA is not defined)
2026-09-10 00:40:11 - INFO - Model loaded (standard): C:\d_surucusu\visual_navigation\benchmark\models_pipeline\20260909_223425\flat_f48_k4_sigmoid_repro\_JOB_flat_f48_k4_sigmoid_repro_09_09_2026__22_37_best_mae_model_f48_k4.h5
2026-09-10 00:40:11 - INFO - Loaded runtime | input=(None, 544, 544, 1) output=(None, 544, 544, 1) channels=1 output_mode=sigmoid
2026-09-10 00:40:24 - INFO - Model loaded (standard): C:\d_surucusu\visual_navigation\benchmark\models_pipeline\20260909_223425\flat_f48_k4_sigmoid_repro\_JOB_flat_f48_k4_sigmoid_repro_09_09_2026__22_37_best_ssim_model_f48_k4.h5
2026-09-10 00:40:24 - INFO - Loaded runtime | input=(None, 544, 544, 1) output=(None, 544, 544, 1) channels=1 output_mode=sigmoid
2026-09-10 00:40:33 - INFO - Model loaded (standard): C:\d_surucusu\visual_navigation\benchmark\models_pipeline\20260909_223425\flat_f48_k4_sigmoid_repro\_JOB_flat_f48_k4_sigmoid_repro_09_09_2026__22_37_best_val_loss_model_f48_k4.h5
2026-09-10 00:40:33 - INFO - Loaded runtime | input=(None, 544, 544, 1) output=(None, 544, 544, 1) channels=1 output_mode=sigmoid
2026-09-10 00:40:43 - INFO - Model loaded (standard): C:\d_surucusu\visual_navigation\benchmark\models_pipeline\20260909_223425\flat_f48_k4_sigmoid_repro\_JOB_flat_f48_k4_sigmoid_repro_09_09_2026__22_37_model_f48_k4_epoch_00003_helu_osigmoid_(1, 1)_.h5
2026-09-10 00:40:43 - INFO - Loaded runtime | input=(None, 544, 544, 1) output=(None, 544, 544, 1) channels=1 output_mode=sigmoid
2026-09-10 00:40:53 - INFO - Model loaded (standard): C:\d_surucusu\visual_navigation\benchmark\models_pipeline\20260909_223425\flat_f48_k4_sigmoid_repro\_JOB_flat_f48_k4_sigmoid_repro_10_09_2026__00_29_son_model.h5
2026-09-10 00:40:53 - INFO - Loaded runtime | input=(None, 544, 544, 1) output=(None, 544, 544, 1) channels=1 output_mode=sigmoid
2026-09-10 00:41:02 - INFO - Model loaded (standard): C:\d_surucusu\visual_navigation\benchmark\models_pipeline\20260909_223425\flat_f48_k4_sigmoid_repro\_epochs\_JOB_flat_f48_k4_sigmoid_repro_09_09_2026__22_37_model_f48_k4_epoch_00001_helu_osigmoid_(1, 1)_.h5
2026-09-10 00:41:02 - INFO - Loaded runtime | input=(None, 544, 544, 1) output=(None, 544, 544, 1) channels=1 output_mode=sigmoid
2026-09-10 00:41:12 - INFO - Model loaded (standard): C:\d_surucusu\visual_navigation\benchmark\models_pipeline\20260909_223425\flat_f48_k4_sigmoid_repro\_epochs\_JOB_flat_f48_k4_sigmoid_repro_09_09_2026__22_37_model_f48_k4_epoch_00002_helu_osigmoid_(1, 1)_.h5
2026-09-10 00:41:12 - INFO - Loaded runtime | input=(None, 544, 544, 1) output=(None, 544, 544, 1) channels=1 output_mode=sigmoid
2026-09-10 00:41:21 - INFO - Model loaded (standard): C:\d_surucusu\visual_navigation\benchmark\models_pipeline\20260909_223425\flat_f48_k4_sigmoid_repro\_epochs\_JOB_flat_f48_k4_sigmoid_repro_09_09_2026__22_37_model_f48_k4_epoch_00003_helu_osigmoid_(1, 1)_.h5
2026-09-10 00:41:21 - INFO - Loaded runtime | input=(None, 544, 544, 1) output=(None, 544, 544, 1) channels=1 output_mode=sigmoid
2026-09-10 00:41:31 - INFO - Model loaded (standard): C:\d_surucusu\visual_navigation\benchmark\models_pipeline\20260909_223425\flat_f48_k4_sigmoid_repro\_epochs\_JOB_flat_f48_k4_sigmoid_repro_09_09_2026__22_37_model_f48_k4_epoch_00004_helu_osigmoid_(1, 1)_.h5
2026-09-10 00:41:31 - INFO - Loaded runtime | input=(None, 544, 544, 1) output=(None, 544, 544, 1) channels=1 output_mode=sigmoid
2026-09-10 00:41:40 - INFO - Model loaded (standard): C:\d_surucusu\visual_navigation\benchmark\models_pipeline\20260909_223425\flat_f48_k4_sigmoid_repro\_epochs\_JOB_flat_f48_k4_sigmoid_repro_09_09_2026__22_37_model_f48_k4_epoch_00005_helu_osigmoid_(1, 1)_.h5
2026-09-10 00:41:40 - INFO - Loaded runtime | input=(None, 544, 544, 1) output=(None, 544, 544, 1) channels=1 output_mode=sigmoid
2026-09-10 00:41:50 - INFO - Model loaded (standard): C:\d_surucusu\visual_navigation\benchmark\models_pipeline\20260909_223425\flat_f48_k4_sigmoid_repro\_epochs\_JOB_flat_f48_k4_sigmoid_repro_09_09_2026__22_37_model_f48_k4_epoch_00006_helu_osigmoid_(1, 1)_.h5
2026-09-10 00:41:50 - INFO - Loaded runtime | input=(None, 544, 544, 1) output=(None, 544, 544, 1) channels=1 output_mode=sigmoid
2026-09-10 00:42:01 - INFO - Model loaded (standard): C:\d_surucusu\visual_navigation\benchmark\models_pipeline\20260909_223425\flat_f48_k4_sigmoid_repro\_epochs\_JOB_flat_f48_k4_sigmoid_repro_09_09_2026__22_37_model_f48_k4_epoch_00007_helu_osigmoid_(1, 1)_.h5
2026-09-10 00:42:01 - INFO - Loaded runtime | input=(None, 544, 544, 1) output=(None, 544, 544, 1) channels=1 output_mode=sigmoid
2026-09-10 00:42:12 - INFO - Model loaded (standard): C:\d_surucusu\visual_navigation\benchmark\models_pipeline\20260909_223425\flat_f48_k4_sigmoid_repro\_epochs\_JOB_flat_f48_k4_sigmoid_repro_09_09_2026__22_37_model_f48_k4_epoch_00008_helu_osigmoid_(1, 1)_.h5
2026-09-10 00:42:12 - INFO - Loaded runtime | input=(None, 544, 544, 1) output=(None, 544, 544, 1) channels=1 output_mode=sigmoid
2026-09-10 00:42:22 - INFO - Model loaded (standard): C:\d_surucusu\visual_navigation\benchmark\models_pipeline\20260909_223425\flat_f48_k4_sigmoid_repro\_epochs\_JOB_flat_f48_k4_sigmoid_repro_09_09_2026__22_37_model_f48_k4_epoch_00009_helu_osigmoid_(1, 1)_.h5
2026-09-10 00:42:22 - INFO - Loaded runtime | input=(None, 544, 544, 1) output=(None, 544, 544, 1) channels=1 output_mode=sigmoid
2026-09-10 00:42:33 - INFO - Model loaded (standard): C:\d_surucusu\visual_navigation\benchmark\models_pipeline\20260909_223425\flat_f48_k4_sigmoid_repro\_epochs\_JOB_flat_f48_k4_sigmoid_repro_09_09_2026__22_37_model_f48_k4_epoch_00010_helu_osigmoid_(1, 1)_.h5
2026-09-10 00:42:33 - INFO - Loaded runtime | input=(None, 544, 544, 1) output=(None, 544, 544, 1) channels=1 output_mode=sigmoid
2026-09-10 00:42:44 - INFO - Model loaded (standard): C:\d_surucusu\visual_navigation\benchmark\models_pipeline\20260909_223425\flat_f48_k4_sigmoid_repro\_epochs\_JOB_flat_f48_k4_sigmoid_repro_09_09_2026__22_37_model_f48_k4_epoch_00011_helu_osigmoid_(1, 1)_.h5
2026-09-10 00:42:44 - INFO - Loaded runtime | input=(None, 544, 544, 1) output=(None, 544, 544, 1) channels=1 output_mode=sigmoid
2026-09-10 00:42:55 - INFO - Model loaded (standard): C:\d_surucusu\visual_navigation\benchmark\models_pipeline\20260909_223425\flat_f48_k4_sigmoid_repro\_epochs\_JOB_flat_f48_k4_sigmoid_repro_09_09_2026__22_37_model_f48_k4_epoch_00012_helu_osigmoid_(1, 1)_.h5
2026-09-10 00:42:55 - INFO - Loaded runtime | input=(None, 544, 544, 1) output=(None, 544, 544, 1) channels=1 output_mode=sigmoid
2026-09-10 00:43:05 - INFO - Model loaded (standard): C:\d_surucusu\visual_navigation\benchmark\models_pipeline\20260909_223425\flat_f48_k4_sigmoid_repro\_epochs\_JOB_flat_f48_k4_sigmoid_repro_09_09_2026__22_37_model_f48_k4_epoch_00013_helu_osigmoid_(1, 1)_.h5
2026-09-10 00:43:05 - INFO - Loaded runtime | input=(None, 544, 544, 1) output=(None, 544, 544, 1) channels=1 output_mode=sigmoid
2026-09-10 00:43:16 - INFO - Model loaded (standard): C:\d_surucusu\visual_navigation\benchmark\models_pipeline\20260909_223425\flat_f48_k4_sigmoid_repro\_epochs\_JOB_flat_f48_k4_sigmoid_repro_09_09_2026__22_37_model_f48_k4_epoch_00014_helu_osigmoid_(1, 1)_.h5
2026-09-10 00:43:16 - INFO - Loaded runtime | input=(None, 544, 544, 1) output=(None, 544, 544, 1) channels=1 output_mode=sigmoid
2026-09-10 00:43:27 - INFO - Model loaded (standard): C:\d_surucusu\visual_navigation\benchmark\models_pipeline\20260909_223425\flat_f48_k4_sigmoid_repro\_epochs\_JOB_flat_f48_k4_sigmoid_repro_09_09_2026__22_37_model_f48_k4_epoch_00015_helu_osigmoid_(1, 1)_.h5
2026-09-10 00:43:27 - INFO - Loaded runtime | input=(None, 544, 544, 1) output=(None, 544, 544, 1) channels=1 output_mode=sigmoid
2026-09-10 00:43:38 - INFO - Model loaded (standard): C:\d_surucusu\visual_navigation\benchmark\models_pipeline\20260909_223425\flat_f48_k4_sigmoid_repro\_epochs\_JOB_flat_f48_k4_sigmoid_repro_09_09_2026__22_37_model_f48_k4_epoch_00016_helu_osigmoid_(1, 1)_.h5
2026-09-10 00:43:38 - INFO - Loaded runtime | input=(None, 544, 544, 1) output=(None, 544, 544, 1) channels=1 output_mode=sigmoid
2026-09-10 00:43:49 - INFO - Model loaded (standard): C:\d_surucusu\visual_navigation\benchmark\models_pipeline\20260909_223425\flat_f48_k4_sigmoid_repro\_epochs\_JOB_flat_f48_k4_sigmoid_repro_09_09_2026__22_37_model_f48_k4_epoch_00017_helu_osigmoid_(1, 1)_.h5
2026-09-10 00:43:49 - INFO - Loaded runtime | input=(None, 544, 544, 1) output=(None, 544, 544, 1) channels=1 output_mode=sigmoid
2026-09-10 00:44:00 - INFO - Model loaded (standard): C:\d_surucusu\visual_navigation\benchmark\models_pipeline\20260909_223425\flat_f48_k4_sigmoid_repro\_epochs\_JOB_flat_f48_k4_sigmoid_repro_09_09_2026__22_37_model_f48_k4_epoch_00018_helu_osigmoid_(1, 1)_.h5
2026-09-10 00:44:00 - INFO - Loaded runtime | input=(None, 544, 544, 1) output=(None, 544, 544, 1) channels=1 output_mode=sigmoid
2026-09-10 00:44:12 - INFO - Model loaded (standard): C:\d_surucusu\visual_navigation\benchmark\models_pipeline\20260909_223425\flat_f48_k4_sigmoid_repro\_epochs\_JOB_flat_f48_k4_sigmoid_repro_09_09_2026__22_37_model_f48_k4_epoch_00019_helu_osigmoid_(1, 1)_.h5
2026-09-10 00:44:12 - INFO - Loaded runtime | input=(None, 544, 544, 1) output=(None, 544, 544, 1) channels=1 output_mode=sigmoid
2026-09-10 00:44:23 - INFO - Model loaded (standard): C:\d_surucusu\visual_navigation\benchmark\models_pipeline\20260909_223425\flat_f48_k4_sigmoid_repro\_epochs\_JOB_flat_f48_k4_sigmoid_repro_09_09_2026__22_37_model_f48_k4_epoch_00020_helu_osigmoid_(1, 1)_.h5
2026-09-10 00:44:23 - INFO - Loaded runtime | input=(None, 544, 544, 1) output=(None, 544, 544, 1) channels=1 output_mode=sigmoid
Warning 3: Cannot find header.dxf (GDAL_DATA is not defined)
BAYAT RUN KİLİDİ ARŞİVLENDİ | C:\d_surucusu\visual_navigation\benchmark\outputs\end_to_end_pipeline_20260909_223425\flat_f48_k4_sigmoid_repro\.benchmark_run.lock.stale_20260910_004439_pid48812
Warning 3: Cannot find header.dxf (GDAL_DATA is not defined)
2026-09-10 00:44:41.974866: W tensorflow/core/common_runtime/gpu/gpu_device.cc:2027] TensorFlow was not built with CUDA kernel binaries compatible with compute capability 12.0. CUDA kernels will be jit-compiled from PTX, which could take 30 minutes or longer.
Traceback (most recent call last):
  File "C:\d_surucusu\visual_navigation\benchmark\geospatial_model_benchmark.py", line 5317, in <module>
    raise SystemExit(main())
  File "C:\d_surucusu\visual_navigation\benchmark\geospatial_model_benchmark.py", line 5299, in main
    return _main_prepared(args, original_argv, run_dir, auto_resume, is_worker)
  File "C:\d_surucusu\visual_navigation\benchmark\geospatial_model_benchmark.py", line 5097, in _main_prepared
    raise RuntimeError(
RuntimeError: Bu koşu klasöründeki bilimsel ayarlar/raster kimliği mevcut komutla uyuşmuyor. Eski ve yeni sonuçların karışmaması için aynı ayarları kullanın veya yeni bir --run-id verin.
İzole model süreci başarısız: exit=1 | model=_JOB_flat_f48_k4_sigmoid_repro_09_09_2026__22_37_model_f48_k4_epoch_00003_helu_osigmoid_(1, 1)_.h5
Traceback (most recent call last):
  File "C:\d_surucusu\visual_navigation\benchmark\end_to_end_pipeline.py", line 1564, in <module>
    main()
  File "C:\d_surucusu\visual_navigation\benchmark\end_to_end_pipeline.py", line 1539, in main
    run_benchmark(actual_job, model_dir, include_raw=include_raw)
  File "C:\d_surucusu\visual_navigation\benchmark\end_to_end_pipeline.py", line 1267, in run_benchmark
    raise RuntimeError(
RuntimeError: [BENCHMARK] HATA: Benchmark sirasinda hata olustu. Gorev: flat_f48_k4_sigmoid_repro
